// Jest Snapshot v1, https://goo.gl/fbAQLP

exports[`Loading component tests should render component 1`] = `
<div>
  <div>
    <div
      class="ant-spin ant-spin-spinning"
      data-testid="loader"
    >
      <span
        class="ant-spin-dot ant-spin-dot-spin"
      >
        <i
          class="ant-spin-dot-item"
        />
        <i
          class="ant-spin-dot-item"
        />
        <i
          class="ant-spin-dot-item"
        />
        <i
          class="ant-spin-dot-item"
        />
      </span>
    </div>
  </div>
</div>
`;
